
*** Running vivado
    with args -log top_rgb.vds -m64 -product Vivado -mode batch -messageDb vivado.pb -notrace -source top_rgb.tcl



****** Vivado v2025.1 (64-bit)
  **** SW Build 6140274 on Thu May 22 00:12:29 MDT 2025
  **** IP Build 6138677 on Thu May 22 03:10:11 MDT 2025
  **** SharedData Build 6139179 on Tue May 20 17:58:58 MDT 2025
  **** Start of session at: Thu Nov  6 08:55:09 2025
    ** Copyright 1986-2022 Xilinx, Inc. All Rights Reserved.
    ** Copyright 2022-2025 Advanced Micro Devices, Inc. All Rights Reserved.

source top_rgb.tcl -notrace
create_project: Time (s): cpu = 00:00:08 ; elapsed = 00:00:09 . Memory (MB): peak = 492.637 ; gain = 211.516
Command: synth_design -top top_rgb -part xc7a100tcsg324-1
Starting synth_design
Attempting to get a license for feature 'Synthesis' and/or device 'xc7a100t'
INFO: [Common 17-349] Got license for feature 'Synthesis' and/or device 'xc7a100t'
INFO: [Device 21-403] Loading part xc7a100tcsg324-1
INFO: [Synth 8-7079] Multithreading enabled for synth_design using a maximum of 2 processes.
INFO: [Synth 8-7078] Launching helper process for spawning children vivado processes
INFO: [Synth 8-7075] Helper process launched with PID 18512
---------------------------------------------------------------------------------
Starting RTL Elaboration : Time (s): cpu = 00:00:04 ; elapsed = 00:00:06 . Memory (MB): peak = 1190.113 ; gain = 493.723
---------------------------------------------------------------------------------
INFO: [Synth 8-6157] synthesizing module 'top_rgb' [C:/Users/larci/iCloudDrive/FAKS/3. LETNIK 1. SEMESTER/DN/project_2/project_2.srcs/sources_1/new/top_rgb.sv:23]
INFO: [Synth 8-6157] synthesizing module 'pwm_rgb' [C:/Users/larci/iCloudDrive/FAKS/3. LETNIK 1. SEMESTER/DN/project_2/project_2.srcs/sources_1/new/pwm_rgb.sv:23]
INFO: [Synth 8-6155] done synthesizing module 'pwm_rgb' (0#1) [C:/Users/larci/iCloudDrive/FAKS/3. LETNIK 1. SEMESTER/DN/project_2/project_2.srcs/sources_1/new/pwm_rgb.sv:23]
INFO: [Synth 8-6155] done synthesizing module 'top_rgb' (0#1) [C:/Users/larci/iCloudDrive/FAKS/3. LETNIK 1. SEMESTER/DN/project_2/project_2.srcs/sources_1/new/top_rgb.sv:23]
WARNING: [Synth 8-7129] Port duty_r[5] in module pwm_rgb is either unconnected or has no load
WARNING: [Synth 8-7129] Port duty_r[4] in module pwm_rgb is either unconnected or has no load
WARNING: [Synth 8-7129] Port duty_g[5] in module pwm_rgb is either unconnected or has no load
WARNING: [Synth 8-7129] Port duty_g[4] in module pwm_rgb is either unconnected or has no load
WARNING: [Synth 8-7129] Port duty_b[5] in module pwm_rgb is either unconnected or has no load
WARNING: [Synth 8-7129] Port duty_b[4] in module pwm_rgb is either unconnected or has no load
---------------------------------------------------------------------------------
Finished RTL Elaboration : Time (s): cpu = 00:00:06 ; elapsed = 00:00:07 . Memory (MB): peak = 1296.090 ; gain = 599.699
---------------------------------------------------------------------------------
---------------------------------------------------------------------------------
Start Handling Custom Attributes
---------------------------------------------------------------------------------
---------------------------------------------------------------------------------
Finished Handling Custom Attributes : Time (s): cpu = 00:00:06 ; elapsed = 00:00:07 . Memory (MB): peak = 1296.090 ; gain = 599.699
---------------------------------------------------------------------------------
---------------------------------------------------------------------------------
Finished RTL Optimization Phase 1 : Time (s): cpu = 00:00:06 ; elapsed = 00:00:07 . Memory (MB): peak = 1296.090 ; gain = 599.699
---------------------------------------------------------------------------------
Netlist sorting complete. Time (s): cpu = 00:00:00 ; elapsed = 00:00:00.001 . Memory (MB): peak = 1296.090 ; gain = 0.000
INFO: [Project 1-570] Preparing netlist for logic optimization

Processing XDC Constraints
Initializing timing engine
Parsing XDC File [C:/Users/larci/iCloudDrive/FAKS/3. LETNIK 1. SEMESTER/DN/project_2/project_2.srcs/constrs_1/imports/DN/Nexys-A7-100T-Master.xdc]
WARNING: [Vivado 12-584] No ports matched 'SW[0]'. [C:/Users/larci/iCloudDrive/FAKS/3. LETNIK 1. SEMESTER/DN/project_2/project_2.srcs/constrs_1/imports/DN/Nexys-A7-100T-Master.xdc:13]
CRITICAL WARNING: [Common 17-55] 'set_property' expects at least one object. [C:/Users/larci/iCloudDrive/FAKS/3. LETNIK 1. SEMESTER/DN/project_2/project_2.srcs/constrs_1/imports/DN/Nexys-A7-100T-Master.xdc:13]
Resolution: If [get_<value>] was used to populate the object, check to make sure this command returns at least one valid object.
WARNING: [Vivado 12-584] No ports matched 'SW[1]'. [C:/Users/larci/iCloudDrive/FAKS/3. LETNIK 1. SEMESTER/DN/project_2/project_2.srcs/constrs_1/imports/DN/Nexys-A7-100T-Master.xdc:14]
CRITICAL WARNING: [Common 17-55] 'set_property' expects at least one object. [C:/Users/larci/iCloudDrive/FAKS/3. LETNIK 1. SEMESTER/DN/project_2/project_2.srcs/constrs_1/imports/DN/Nexys-A7-100T-Master.xdc:14]
Resolution: If [get_<value>] was used to populate the object, check to make sure this command returns at least one valid object.
WARNING: [Vivado 12-584] No ports matched 'SW[2]'. [C:/Users/larci/iCloudDrive/FAKS/3. LETNIK 1. SEMESTER/DN/project_2/project_2.srcs/constrs_1/imports/DN/Nexys-A7-100T-Master.xdc:15]
CRITICAL WARNING: [Common 17-55] 'set_property' expects at least one object. [C:/Users/larci/iCloudDrive/FAKS/3. LETNIK 1. SEMESTER/DN/project_2/project_2.srcs/constrs_1/imports/DN/Nexys-A7-100T-Master.xdc:15]
Resolution: If [get_<value>] was used to populate the object, check to make sure this command returns at least one valid object.
WARNING: [Vivado 12-584] No ports matched 'SW[3]'. [C:/Users/larci/iCloudDrive/FAKS/3. LETNIK 1. SEMESTER/DN/project_2/project_2.srcs/constrs_1/imports/DN/Nexys-A7-100T-Master.xdc:16]
CRITICAL WARNING: [Common 17-55] 'set_property' expects at least one object. [C:/Users/larci/iCloudDrive/FAKS/3. LETNIK 1. SEMESTER/DN/project_2/project_2.srcs/constrs_1/imports/DN/Nexys-A7-100T-Master.xdc:16]
Resolution: If [get_<value>] was used to populate the object, check to make sure this command returns at least one valid object.
WARNING: [Vivado 12-584] No ports matched 'SW[4]'. [C:/Users/larci/iCloudDrive/FAKS/3. LETNIK 1. SEMESTER/DN/project_2/project_2.srcs/constrs_1/imports/DN/Nexys-A7-100T-Master.xdc:17]
CRITICAL WARNING: [Common 17-55] 'set_property' expects at least one object. [C:/Users/larci/iCloudDrive/FAKS/3. LETNIK 1. SEMESTER/DN/project_2/project_2.srcs/constrs_1/imports/DN/Nexys-A7-100T-Master.xdc:17]
Resolution: If [get_<value>] was used to populate the object, check to make sure this command returns at least one valid object.
WARNING: [Vivado 12-584] No ports matched 'SW[5]'. [C:/Users/larci/iCloudDrive/FAKS/3. LETNIK 1. SEMESTER/DN/project_2/project_2.srcs/constrs_1/imports/DN/Nexys-A7-100T-Master.xdc:18]
CRITICAL WARNING: [Common 17-55] 'set_property' expects at least one object. [C:/Users/larci/iCloudDrive/FAKS/3. LETNIK 1. SEMESTER/DN/project_2/project_2.srcs/constrs_1/imports/DN/Nexys-A7-100T-Master.xdc:18]
Resolution: If [get_<value>] was used to populate the object, check to make sure this command returns at least one valid object.
Finished Parsing XDC File [C:/Users/larci/iCloudDrive/FAKS/3. LETNIK 1. SEMESTER/DN/project_2/project_2.srcs/constrs_1/imports/DN/Nexys-A7-100T-Master.xdc]
INFO: [Project 1-236] Implementation specific constraints were found while reading constraint file [C:/Users/larci/iCloudDrive/FAKS/3. LETNIK 1. SEMESTER/DN/project_2/project_2.srcs/constrs_1/imports/DN/Nexys-A7-100T-Master.xdc]. These constraints will be ignored for synthesis but will be used in implementation. Impacted constraints are listed in the file [.Xil/top_rgb_propImpl.xdc].
Resolution: To avoid this warning, move constraints listed in [.Xil/top_rgb_propImpl.xdc] to another XDC file and exclude this new file from synthesis with the used_in_synthesis property (File Properties dialog in GUI) and re-run elaboration/synthesis.
Completed Processing XDC Constraints

Netlist sorting complete. Time (s): cpu = 00:00:00 ; elapsed = 00:00:00 . Memory (MB): peak = 1350.656 ; gain = 0.000
INFO: [Project 1-111] Unisim Transformation Summary:
No Unisim elements were transformed.

Constraint Validation Runtime : Time (s): cpu = 00:00:00 ; elapsed = 00:00:00.002 . Memory (MB): peak = 1350.656 ; gain = 0.000
---------------------------------------------------------------------------------
Finished Constraint Validation : Time (s): cpu = 00:00:13 ; elapsed = 00:00:16 . Memory (MB): peak = 1350.656 ; gain = 654.266
---------------------------------------------------------------------------------
---------------------------------------------------------------------------------
Start Loading Part and Timing Information
---------------------------------------------------------------------------------
Loading part: xc7a100tcsg324-1
---------------------------------------------------------------------------------
Finished Loading Part and Timing Information : Time (s): cpu = 00:00:13 ; elapsed = 00:00:16 . Memory (MB): peak = 1350.656 ; gain = 654.266
---------------------------------------------------------------------------------
---------------------------------------------------------------------------------
Start Applying 'set_property' XDC Constraints
---------------------------------------------------------------------------------
---------------------------------------------------------------------------------
Finished applying 'set_property' XDC Constraints : Time (s): cpu = 00:00:13 ; elapsed = 00:00:16 . Memory (MB): peak = 1350.656 ; gain = 654.266
---------------------------------------------------------------------------------
---------------------------------------------------------------------------------
Finished RTL Optimization Phase 2 : Time (s): cpu = 00:00:13 ; elapsed = 00:00:16 . Memory (MB): peak = 1350.656 ; gain = 654.266
---------------------------------------------------------------------------------
---------------------------------------------------------------------------------
Start RTL Component Statistics 
---------------------------------------------------------------------------------
Detailed RTL Component Info : 
+---Adders : 
	   2 Input   13 Bit       Adders := 1     
	   2 Input    4 Bit       Adders := 1     
+---Registers : 
	               13 Bit    Registers := 1     
	                4 Bit    Registers := 1     
	                1 Bit    Registers := 1     
---------------------------------------------------------------------------------
Finished RTL Component Statistics 
---------------------------------------------------------------------------------
---------------------------------------------------------------------------------
Start Part Resource Summary
---------------------------------------------------------------------------------
Part Resources:
DSPs: 240 (col length:80)
BRAMs: 270 (col length: RAMB18 80 RAMB36 40)
---------------------------------------------------------------------------------
Finished Part Resource Summary
---------------------------------------------------------------------------------
---------------------------------------------------------------------------------
Start Cross Boundary and Area Optimization
---------------------------------------------------------------------------------
WARNING: [Synth 8-7080] Parallel synthesis criteria is not met
WARNING: [Synth 8-7129] Port sw[5] in module top_rgb is either unconnected or has no load
WARNING: [Synth 8-7129] Port sw[3] in module top_rgb is either unconnected or has no load
WARNING: [Synth 8-7129] Port sw[1] in module top_rgb is either unconnected or has no load
---------------------------------------------------------------------------------
Finished Cross Boundary and Area Optimization : Time (s): cpu = 00:00:16 ; elapsed = 00:00:19 . Memory (MB): peak = 1354.508 ; gain = 658.117
---------------------------------------------------------------------------------
---------------------------------------------------------------------------------
Start Applying XDC Timing Constraints
---------------------------------------------------------------------------------
---------------------------------------------------------------------------------
Finished Applying XDC Timing Constraints : Time (s): cpu = 00:00:22 ; elapsed = 00:00:25 . Memory (MB): peak = 1509.004 ; gain = 812.613
---------------------------------------------------------------------------------
---------------------------------------------------------------------------------
Start Timing Optimization
---------------------------------------------------------------------------------
---------------------------------------------------------------------------------
Finished Timing Optimization : Time (s): cpu = 00:00:22 ; elapsed = 00:00:25 . Memory (MB): peak = 1528.625 ; gain = 832.234
---------------------------------------------------------------------------------
---------------------------------------------------------------------------------
Start Technology Mapping
---------------------------------------------------------------------------------
---------------------------------------------------------------------------------
Finished Technology Mapping : Time (s): cpu = 00:00:22 ; elapsed = 00:00:25 . Memory (MB): peak = 1528.625 ; gain = 832.234
---------------------------------------------------------------------------------
---------------------------------------------------------------------------------
Start IO Insertion
---------------------------------------------------------------------------------
---------------------------------------------------------------------------------
Start Flattening Before IO Insertion
---------------------------------------------------------------------------------
---------------------------------------------------------------------------------
Finished Flattening Before IO Insertion
---------------------------------------------------------------------------------
---------------------------------------------------------------------------------
Start Final Netlist Cleanup
---------------------------------------------------------------------------------
---------------------------------------------------------------------------------
Finished Final Netlist Cleanup
---------------------------------------------------------------------------------
---------------------------------------------------------------------------------
Finished IO Insertion : Time (s): cpu = 00:00:26 ; elapsed = 00:00:29 . Memory (MB): peak = 1753.777 ; gain = 1057.387
---------------------------------------------------------------------------------
---------------------------------------------------------------------------------
Start Renaming Generated Instances
---------------------------------------------------------------------------------
---------------------------------------------------------------------------------
Finished Renaming Generated Instances : Time (s): cpu = 00:00:26 ; elapsed = 00:00:29 . Memory (MB): peak = 1753.777 ; gain = 1057.387
---------------------------------------------------------------------------------
---------------------------------------------------------------------------------
Start Rebuilding User Hierarchy
---------------------------------------------------------------------------------
---------------------------------------------------------------------------------
Finished Rebuilding User Hierarchy : Time (s): cpu = 00:00:26 ; elapsed = 00:00:29 . Memory (MB): peak = 1753.777 ; gain = 1057.387
---------------------------------------------------------------------------------
---------------------------------------------------------------------------------
Start Renaming Generated Ports
---------------------------------------------------------------------------------
---------------------------------------------------------------------------------
Finished Renaming Generated Ports : Time (s): cpu = 00:00:26 ; elapsed = 00:00:29 . Memory (MB): peak = 1753.777 ; gain = 1057.387
---------------------------------------------------------------------------------
---------------------------------------------------------------------------------
Start Handling Custom Attributes
---------------------------------------------------------------------------------
---------------------------------------------------------------------------------
Finished Handling Custom Attributes : Time (s): cpu = 00:00:26 ; elapsed = 00:00:29 . Memory (MB): peak = 1753.777 ; gain = 1057.387
---------------------------------------------------------------------------------
---------------------------------------------------------------------------------
Start Renaming Generated Nets
---------------------------------------------------------------------------------
---------------------------------------------------------------------------------
Finished Renaming Generated Nets : Time (s): cpu = 00:00:26 ; elapsed = 00:00:29 . Memory (MB): peak = 1753.777 ; gain = 1057.387
---------------------------------------------------------------------------------
---------------------------------------------------------------------------------
Start Writing Synthesis Report
---------------------------------------------------------------------------------

Report BlackBoxes: 
+-+--------------+----------+
| |BlackBox name |Instances |
+-+--------------+----------+
+-+--------------+----------+

Report Cell Usage: 
+------+-------+------+
|      |Cell   |Count |
+------+-------+------+
|1     |BUFG   |     1|
|2     |CARRY4 |     3|
|3     |LUT1   |     1|
|4     |LUT2   |     4|
|5     |LUT3   |     1|
|6     |LUT4   |     2|
|7     |LUT5   |     2|
|8     |LUT6   |    13|
|9     |FDCE   |    18|
|10    |IBUF   |     5|
|11    |OBUF   |     3|
+------+-------+------+
---------------------------------------------------------------------------------
Finished Writing Synthesis Report : Time (s): cpu = 00:00:26 ; elapsed = 00:00:29 . Memory (MB): peak = 1753.777 ; gain = 1057.387
---------------------------------------------------------------------------------
Synthesis finished with 0 errors, 0 critical warnings and 4 warnings.
Synthesis Optimization Runtime : Time (s): cpu = 00:00:18 ; elapsed = 00:00:27 . Memory (MB): peak = 1753.777 ; gain = 1002.820
Synthesis Optimization Complete : Time (s): cpu = 00:00:26 ; elapsed = 00:00:29 . Memory (MB): peak = 1753.777 ; gain = 1057.387
INFO: [Project 1-571] Translating synthesized netlist
Netlist sorting complete. Time (s): cpu = 00:00:00 ; elapsed = 00:00:00.001 . Memory (MB): peak = 1760.785 ; gain = 0.000
INFO: [Netlist 29-17] Analyzing 3 Unisim elements for replacement
INFO: [Netlist 29-28] Unisim Transformation completed in 0 CPU seconds
INFO: [Project 1-570] Preparing netlist for logic optimization
INFO: [Opt 31-138] Pushed 0 inverter(s) to 0 load pin(s).
Netlist sorting complete. Time (s): cpu = 00:00:00 ; elapsed = 00:00:00 . Memory (MB): peak = 1764.488 ; gain = 0.000
INFO: [Project 1-111] Unisim Transformation Summary:
No Unisim elements were transformed.

Synth Design complete | Checksum: dae6ebcf
INFO: [Common 17-83] Releasing license: Synthesis
19 Infos, 16 Warnings, 6 Critical Warnings and 0 Errors encountered.
synth_design completed successfully
synth_design: Time (s): cpu = 00:00:30 ; elapsed = 00:00:50 . Memory (MB): peak = 1764.488 ; gain = 1271.852
INFO: [runtcl-6] Synthesis results are not added to the cache due to CRITICAL_WARNING
Write ShapeDB Complete: Time (s): cpu = 00:00:00 ; elapsed = 00:00:00.001 . Memory (MB): peak = 1764.488 ; gain = 0.000
INFO: [Common 17-1381] The checkpoint 'C:/Users/larci/iCloudDrive/FAKS/3. LETNIK 1. SEMESTER/DN/project_2/project_2.runs/synth_1/top_rgb.dcp' has been generated.
INFO: [Vivado 12-24828] Executing command : report_utilization -file top_rgb_utilization_synth.rpt -pb top_rgb_utilization_synth.pb
INFO: [Common 17-206] Exiting Vivado at Thu Nov  6 08:56:18 2025...
