#-----------------------------------------------------------
# Vivado v2025.1 (64-bit)
# SW Build 6140274 on Thu May 22 00:12:29 MDT 2025
# IP Build 6138677 on Thu May 22 03:10:11 MDT 2025
# SharedData Build 6139179 on Tue May 20 17:58:58 MDT 2025
# Start of session at: Thu Nov  6 08:55:09 2025
# Process ID         : 11936
# Current directory  : C:/Users/larci/iCloudDrive/FAKS/3. LETNIK 1. SEMESTER/DN/project_2/project_2.runs/synth_1
# Command line       : vivado.exe -log top_rgb.vds -product Vivado -mode batch -messageDb vivado.pb -notrace -source top_rgb.tcl
# Log file           : C:/Users/larci/iCloudDrive/FAKS/3. LETNIK 1. SEMESTER/DN/project_2/project_2.runs/synth_1/top_rgb.vds
# Journal file       : C:/Users/larci/iCloudDrive/FAKS/3. LETNIK 1. SEMESTER/DN/project_2/project_2.runs/synth_1\vivado.jou
# Running On         : DESKTOP-K0PKL6F
# Platform           : Windows Server 2016 or Windows 10
# Operating System   : 26100
# Processor Detail   : 11th Gen Intel(R) Core(TM) i7-1165G7 @ 2.80GHz
# CPU Frequency      : 2803 MHz
# CPU Physical cores : 4
# CPU Logical cores  : 8
# Host memory        : 16844 MB
# Swap memory        : 5894 MB
# Total Virtual      : 22739 MB
# Available Virtual  : 4379 MB
#-----------------------------------------------------------
source top_rgb.tcl -notrace
