Copyright 1986-2022 Xilinx, Inc. All Rights Reserved. Copyright 2022-2025 Advanced Micro Devices, Inc. All Rights Reserved.
---------------------------------------------------------------------------------------------------------------------------------------------
| Tool Version : Vivado v.2025.1 (win64) Build 6140274 Thu May 22 00:12:29 MDT 2025
| Date         : Thu Dec 11 13:54:37 2025
| Host         : DESKTOP-K0PKL6F running 64-bit major release  (build 9200)
| Command      : report_control_sets -verbose -file top_control_sets_placed.rpt
| Design       : top
| Device       : xc7a100t
---------------------------------------------------------------------------------------------------------------------------------------------

Control Set Information

Table of Contents
-----------------
1. Summary
2. Histogram
3. Flip-Flop Distribution
4. Detailed Control Set Information

1. Summary
----------

+----------------------------------------------------------+-------+
|                          Status                          | Count |
+----------------------------------------------------------+-------+
| Total control sets                                       |    22 |
|    Minimum number of control sets                        |    22 |
|    Addition due to synthesis replication                 |     0 |
|    Addition due to physical synthesis replication        |     0 |
| Unused register locations in slices containing registers |    56 |
+----------------------------------------------------------+-------+
* Control sets can be merged at opt_design using control_set_merge or merge_equivalent_drivers
** Run report_qor_suggestions for automated merging and remapping suggestions


2. Histogram
------------

+--------------------+-------+
|       Fanout       | Count |
+--------------------+-------+
| Total control sets |    22 |
| >= 0 to < 4        |     4 |
| >= 4 to < 6        |     4 |
| >= 6 to < 8        |     1 |
| >= 8 to < 10       |     1 |
| >= 10 to < 12      |     0 |
| >= 12 to < 14      |     0 |
| >= 14 to < 16      |     1 |
| >= 16              |    11 |
+--------------------+-------+
* Control sets can be remapped at either synth_design or opt_design


3. Flip-Flop Distribution
-------------------------

+--------------+-----------------------+------------------------+-----------------+--------------+
| Clock Enable | Synchronous Set/Reset | Asynchronous Set/Reset | Total Registers | Total Slices |
+--------------+-----------------------+------------------------+-----------------+--------------+
| No           | No                    | No                     |              70 |           26 |
| No           | No                    | Yes                    |               1 |            1 |
| No           | Yes                   | No                     |              68 |           32 |
| Yes          | No                    | No                     |              32 |           20 |
| Yes          | No                    | Yes                    |               0 |            0 |
| Yes          | Yes                   | No                     |             253 |           78 |
+--------------+-----------------------+------------------------+-----------------+--------------+


4. Detailed Control Set Information
-----------------------------------

+------------------+--------------------------------------------------------------------------------------------------------------------------------+----------------------------------------------------------------------------------------------------------------------------------------+------------------+----------------+--------------+
|   Clock Signal   |                                                          Enable Signal                                                         |                                                            Set/Reset Signal                                                            | Slice Load Count | Bel Load Count | Bels / Slice |
+------------------+--------------------------------------------------------------------------------------------------------------------------------+----------------------------------------------------------------------------------------------------------------------------------------+------------------+----------------+--------------+
|  clock_IBUF_BUFG |                                                                                                                                | your_instance_name/inst/microblaze_I/U0/MicroBlaze_Core_I/Area.Core/Decode_I/Using_FPGA.New_Carry_MUXCY/Use_Async_Reset.sync_reset_reg |                1 |              1 |         1.00 |
|  clock_IBUF_BUFG |                                                                                                                                | your_instance_name/inst/microblaze_I/U0/MicroBlaze_Core_I/Area.Core/Decode_I/MSR_Rst                                                   |                1 |              1 |         1.00 |
|  clock_IBUF_BUFG |                                                                                                                                | apb_bridge_inst/delay_write_i_1_n_0                                                                                                    |                1 |              1 |         1.00 |
|  clock_IBUF_BUFG | your_instance_name/inst/microblaze_I/U0/MicroBlaze_Core_I/Area.Core/Decode_I/MTSMSR_Write                                      | your_instance_name/inst/microblaze_I/U0/MicroBlaze_Core_I/sync_reset                                                                   |                1 |              1 |         1.00 |
|  clock_IBUF_BUFG |                                                                                                                                | your_instance_name/inst/microblaze_I/U0/MicroBlaze_Core_I/Area.Core/Decode_I/Using_FPGA.MUXCY_JUMP_CARRY3/S_0                          |                2 |              4 |         2.00 |
|  clock_IBUF_BUFG |                                                                                                                                | your_instance_name/inst/rst_0/U0/bus_struct_reset[0]                                                                                   |                2 |              4 |         2.00 |
|  clock_IBUF_BUFG |                                                                                                                                | your_instance_name/inst/rst_0/U0/EXT_LPF/lpf_int                                                                                       |                2 |              5 |         2.50 |
|  clock_IBUF_BUFG |                                                                                                                                | your_instance_name/inst/rst_0/U0/peripheral_reset[0]                                                                                   |                3 |              5 |         1.67 |
|  clock_IBUF_BUFG | your_instance_name/inst/rst_0/U0/SEQ/seq_cnt_en                                                                                | your_instance_name/inst/rst_0/U0/SEQ/SEQ_COUNTER/clear                                                                                 |                1 |              6 |         6.00 |
|  clock_IBUF_BUFG | your_instance_name/inst/microblaze_I/U0/MicroBlaze_Core_I/Area.Core/Decode_I/Using_FPGA.of_PipeRun_MuxCY_1/Using_FPGA.Native_0 | your_instance_name/inst/microblaze_I/U0/MicroBlaze_Core_I/Area.Core/Decode_I/Using_FPGA.MUXCY_JUMP_CARRY3/S66_out                      |                2 |              8 |         4.00 |
|  clock_IBUF_BUFG | your_instance_name/inst/microblaze_I/U0/MicroBlaze_Core_I/Area.Core/Decode_I/Using_FPGA.MUXCY_JUMP_CARRY3/PC_Write             | your_instance_name/inst/microblaze_I/U0/MicroBlaze_Core_I/sync_reset                                                                   |                6 |             15 |         2.50 |
|  clock_IBUF_BUFG |                                                                                                                                | your_instance_name/inst/microblaze_I/U0/MicroBlaze_Core_I/sync_reset                                                                   |                6 |             16 |         2.67 |
|  clock_IBUF_BUFG | your_instance_name/inst/microblaze_I/U0/MicroBlaze_Core_I/Area.Core/Decode_I/PreFetch_Buffer_I/of_valid_FDR_I/E[0]             | your_instance_name/inst/microblaze_I/U0/MicroBlaze_Core_I/sync_reset                                                                   |                5 |             16 |         3.20 |
|  clock_IBUF_BUFG | u_apb_gpio/buf_gpo[15]_i_1_n_0                                                                                                 | u_apb_gpio/SR[0]                                                                                                                       |                7 |             16 |         2.29 |
|  clock_IBUF_BUFG |                                                                                                                                | your_instance_name/inst/iomodule_0/U0/Using_IO_Bus.io_bus_read_data[31]_i_1_n_0                                                        |               15 |             32 |         2.13 |
|  clock_IBUF_BUFG | your_instance_name/inst/microblaze_I/U0/MicroBlaze_Core_I/Area.Core/Decode_I/Using_FPGA.of_PipeRun_MuxCY_1/Using_FPGA.Native_0 |                                                                                                                                        |               20 |             32 |         1.60 |
|  clock_IBUF_BUFG | your_instance_name/inst/iomodule_0/U0/IO_Addr_Strobe00_in                                                                      | your_instance_name/inst/rst_0/U0/peripheral_reset[0]                                                                                   |               14 |             37 |         2.64 |
|  clock_IBUF_BUFG | your_instance_name/inst/microblaze_I/U0/MicroBlaze_Core_I/Area.Core/Decode_I/Using_FPGA.clean_iReady_MuxCY/IReady              |                                                                                                                                        |               15 |             47 |         3.13 |
|  clock_IBUF_BUFG | u_apb_timer/config_reg_reg_n_0_[0]                                                                                             | u_apb_timer/count_reg[0]_i_1_n_0                                                                                                       |               16 |             64 |         4.00 |
|  clock_IBUF_BUFG |                                                                                                                                |                                                                                                                                        |               26 |             73 |         2.81 |
|  clock_IBUF_BUFG | your_instance_name/inst/microblaze_I/U0/MicroBlaze_Core_I/Area.Core/Decode_I/Using_FPGA.of_PipeRun_MuxCY_1/Using_FPGA.Native_0 | your_instance_name/inst/microblaze_I/U0/MicroBlaze_Core_I/sync_reset                                                                   |               26 |             90 |         3.46 |
|  clock_IBUF_BUFG | your_instance_name/inst/microblaze_I/U0/MicroBlaze_Core_I/Area.Core/Decode_I/Reg_Write                                         |                                                                                                                                        |               32 |            128 |         4.00 |
+------------------+--------------------------------------------------------------------------------------------------------------------------------+----------------------------------------------------------------------------------------------------------------------------------------+------------------+----------------+--------------+


